F                                                                        [100%]
=================================== FAILURES ===================================
__________ test_symbol_preflight_enforces_diagnostic_retention_policy __________

tmp_path = PosixPath('/private/tmp/pytest-of-songmin/pytest-1301/test_symbol_preflight_enforces0')

    def test_symbol_preflight_enforces_diagnostic_retention_policy(tmp_path):
        phase = tmp_path / "phase.json"
        corpus = {"repository_commit": "a" * 40, "files": [
            {"path": "a.txt", "file_sha256": "b" * 64},
            {"path": "b.txt", "file_sha256": "c" * 64},
        ]}
        phase.write_text(json.dumps({
            "file_count": 2, "symbol_count": 0, "symbol_only_scopes": 0,
            "symbol_producer_identity": pairrun.QUANTA_SYMBOL_PRODUCER_IDENTITY,
            "symbol_grammars": pairrun.QUANTA_SYMBOL_GRAMMARS, "phases_ms": {},
            "symbol_coverage": [
                {"path": row["path"], "source_sha256": row["file_sha256"], "language": None,
                 "definition_count": None} for row in corpus["files"]
            ],
        }))
        artifact = _bind_preflight_fixture(phase, corpus["repository_commit"])
        original = json.loads(artifact.read_text())
        metrics = json.loads(phase.read_text())
    
        def check(report):
            candidate = copy.deepcopy(metrics)
            candidate["symbol_unsupported_details"] = copy.deepcopy(report["preflight"]["files"])
            policy_sha = pairrun.symbol_coverage.policy_digest(report["preflight"]["policy"])
            candidate["symbol_producer_policy_sha256"] = policy_sha
            report["preflight"]["producer_policy_sha256"] = policy_sha
            artifact.write_text(json.dumps(report))
            candidate["symbol_preflight_sha256"] = pairrun.sha_file(artifact)
            return pairrun.symbol_coverage.verify_artifact(candidate, phase, corpus)
    
        assert check(copy.deepcopy(original)) == artifact
        # Both files are unsupported: each has exactly one diagnostic. An explicit
        # shared limit of one retains the first and truthfully truncates the second.
        bounded = copy.deepcopy(original)
        bounded["preflight"]["policy"]["max_diagnostics_total"] = 1
        bounded["preflight"]["files"][1].update(diagnostics=[], diagnostics_truncated=True)
        assert check(bounded) == artifact
        for mutation in ("omit_with_capacity", "invent_diagnostics", "skip_first_file"):
            forged = copy.deepcopy(original)
            files = forged["preflight"]["files"]
            if mutation == "invent_diagnostics":
                files[0]["diagnostics"].append(copy.deepcopy(files[0]["diagnostics"][0]))
                files[0]["diagnostics_total"] = 2
            else:
                files[0].update(diagnostics=[], diagnostics_truncated=True)
                if mutation == "skip_first_file":
                    forged["preflight"]["policy"]["max_diagnostics_total"] = 1
>           with pytest.raises(ValueError, match="diagnostic"):
                 ^^^^^^^^^^^^^^^^^^^^^^^^^^^^^^^^^^^^^^^^^^^^^
E           Failed: DID NOT RAISE ValueError

tools/ci/tests/test_retrieval_benchmark.py:205: Failed
=========================== short test summary info ============================
FAILED tools/ci/tests/test_retrieval_benchmark.py::test_symbol_preflight_enforces_diagnostic_retention_policy
1 failed, 326 deselected in 8.82s
