F                                                                        [100%]
=================================== FAILURES ===================================
________ test_required_inventory_uses_canonical_internal_temporary_path ________

path = PosixPath('/private/tmp/pytest-of-songmin/pytest-1317/test_required_inventory_uses_c0/temp-alias/qi-required-tests-u0_417ju/proof-required-tests.json')
consume = <function _read_control_file.<locals>.read at 0x114761580>

    def _consume_regular_file(path: Path, consume: Callable[[BinaryIO], _Consumed]) -> _Consumed:
        """Consume a pinned file completely, retaining namespace and epoch custody."""
        try:
            from tools.ci.lint.handoff_validation import _consume_repo_regular_file
        except ModuleNotFoundError:  # standalone evidence CLI
            sys.path.insert(0, str(Path(__file__).resolve().parents[2]))
            from tools.ci.lint.handoff_validation import _consume_repo_regular_file
    
        path = path.absolute()
        if ".." in path.parts:
            raise EvidenceError(f"noncanonical evidence path: {path}")
    
        # Bind aliases/ancestors as well as the leaf. Directory timestamps are not
        # stable identities: unrelated siblings may legitimately be published.
        def identity() -> list[tuple]:
            entries = []
            for prefix in reversed((path, *path.parents)):
                info = prefix.lstat()
                if stat.S_ISLNK(info.st_mode):
                    raise EvidenceError(f"refusing symlink: {prefix}")
                if prefix == path:
                    if not stat.S_ISREG(info.st_mode):
                        raise EvidenceError(f"not a regular file: {path}")
                    entries.append(file_epoch(info))
                else:
                    if not stat.S_ISDIR(info.st_mode):
                        raise EvidenceError(f"not an evidence directory: {prefix}")
                    entries.append((info.st_dev, info.st_ino, info.st_mode))
            return entries
    
        def file_epoch(info: os.stat_result) -> tuple:
            return (
                info.st_dev,
                info.st_ino,
                info.st_mode,
                info.st_nlink,
                info.st_size,
                info.st_mtime_ns,
                info.st_ctime_ns,
            )
    
        def consume_pinned(handle: BinaryIO) -> _Consumed:
            # A before/after pathname check alone misses open-then-restore races.
            if file_epoch(os.fstat(handle.fileno())) != before[-1]:
                raise EvidenceError(f"evidence changed before descriptor consumption: {path}")
            result = consume(handle)
            if file_epoch(os.fstat(handle.fileno())) != before[-1]:
                raise EvidenceError(f"evidence changed during descriptor consumption: {path}")
            return result
    
        try:
>           before = identity()
                     ^^^^^^^^^^

tools/benchmark/evidence.py:903: 
_ _ _ _ _ _ _ _ _ _ _ _ _ _ _ _ _ _ _ _ _ _ _ _ _ _ _ _ _ _ _ _ _ _ _ _ _ _ _ _ 

    def identity() -> list[tuple]:
        entries = []
        for prefix in reversed((path, *path.parents)):
            info = prefix.lstat()
            if stat.S_ISLNK(info.st_mode):
>               raise EvidenceError(f"refusing symlink: {prefix}")
E               tools.benchmark.evidence.EvidenceError: refusing symlink: /private/tmp/pytest-of-songmin/pytest-1317/test_required_inventory_uses_c0/temp-alias

tools/benchmark/evidence.py:871: EvidenceError

The above exception was the direct cause of the following exception:

path = PosixPath('/private/tmp/pytest-of-songmin/pytest-1317/test_required_inventory_uses_c0/temp-alias/qi-required-tests-u0_417ju/proof-required-tests.json')

    def _load_json(path: Path | RawFile | bytes) -> object:
        try:
>           return json.loads(_evidence_bytes(path), object_pairs_hook=_unique_object)
                              ^^^^^^^^^^^^^^^^^^^^^

tools/benchmark/retrieval/proof_inventory.py:47: 
_ _ _ _ _ _ _ _ _ _ _ _ _ _ _ _ _ _ _ _ _ _ _ _ _ _ _ _ _ _ _ _ _ _ _ _ _ _ _ _ 
tools/benchmark/retrieval/proof_inventory.py:27: in _evidence_bytes
    return read_control(value)
           ^^^^^^^^^^^^^^^^^^^
tools/benchmark/evidence.py:962: in read_control
    return _read_control_file(value)
           ^^^^^^^^^^^^^^^^^^^^^^^^^
tools/benchmark/evidence.py:935: in _read_control_file
    return _consume_regular_file(path, read)
           ^^^^^^^^^^^^^^^^^^^^^^^^^^^^^^^^^
_ _ _ _ _ _ _ _ _ _ _ _ _ _ _ _ _ _ _ _ _ _ _ _ _ _ _ _ _ _ _ _ _ _ _ _ _ _ _ _ 

path = PosixPath('/private/tmp/pytest-of-songmin/pytest-1317/test_required_inventory_uses_c0/temp-alias/qi-required-tests-u0_417ju/proof-required-tests.json')
consume = <function _read_control_file.<locals>.read at 0x114761580>

    def _consume_regular_file(path: Path, consume: Callable[[BinaryIO], _Consumed]) -> _Consumed:
        """Consume a pinned file completely, retaining namespace and epoch custody."""
        try:
            from tools.ci.lint.handoff_validation import _consume_repo_regular_file
        except ModuleNotFoundError:  # standalone evidence CLI
            sys.path.insert(0, str(Path(__file__).resolve().parents[2]))
            from tools.ci.lint.handoff_validation import _consume_repo_regular_file
    
        path = path.absolute()
        if ".." in path.parts:
            raise EvidenceError(f"noncanonical evidence path: {path}")
    
        # Bind aliases/ancestors as well as the leaf. Directory timestamps are not
        # stable identities: unrelated siblings may legitimately be published.
        def identity() -> list[tuple]:
            entries = []
            for prefix in reversed((path, *path.parents)):
                info = prefix.lstat()
                if stat.S_ISLNK(info.st_mode):
                    raise EvidenceError(f"refusing symlink: {prefix}")
                if prefix == path:
                    if not stat.S_ISREG(info.st_mode):
                        raise EvidenceError(f"not a regular file: {path}")
                    entries.append(file_epoch(info))
                else:
                    if not stat.S_ISDIR(info.st_mode):
                        raise EvidenceError(f"not an evidence directory: {prefix}")
                    entries.append((info.st_dev, info.st_ino, info.st_mode))
            return entries
    
        def file_epoch(info: os.stat_result) -> tuple:
            return (
                info.st_dev,
                info.st_ino,
                info.st_mode,
                info.st_nlink,
                info.st_size,
                info.st_mtime_ns,
                info.st_ctime_ns,
            )
    
        def consume_pinned(handle: BinaryIO) -> _Consumed:
            # A before/after pathname check alone misses open-then-restore races.
            if file_epoch(os.fstat(handle.fileno())) != before[-1]:
                raise EvidenceError(f"evidence changed before descriptor consumption: {path}")
            result = consume(handle)
            if file_epoch(os.fstat(handle.fileno())) != before[-1]:
                raise EvidenceError(f"evidence changed during descriptor consumption: {path}")
            return result
    
        try:
            before = identity()
            root = Path(path.anchor)
            raw = _consume_repo_regular_file(
                root,
                path.relative_to(root).as_posix(),
                label="benchmark evidence",
                consume=consume_pinned,
            )
            if identity() != before:
                raise EvidenceError(f"evidence changed while being read: {path}")
            return raw
        except (OSError, ValueError) as error:
>           raise EvidenceError(f"unsafe benchmark evidence {path}: {error}") from error
E           tools.benchmark.evidence.EvidenceError: unsafe benchmark evidence /private/tmp/pytest-of-songmin/pytest-1317/test_required_inventory_uses_c0/temp-alias/qi-required-tests-u0_417ju/proof-required-tests.json: refusing symlink: /private/tmp/pytest-of-songmin/pytest-1317/test_required_inventory_uses_c0/temp-alias

tools/benchmark/evidence.py:915: EvidenceError

The above exception was the direct cause of the following exception:

inventory = PosixPath('/private/tmp/pytest-of-songmin/pytest-1317/test_required_inventory_uses_c0/inventory.json')
role = 'python'
receipt = {'source_closure': {'revision': '98601a66d8cab9c86232b3e62ce490c8b43b71b6', 'files': [{'path': 'benchmarks/retrieval/proof-required-tests.json', 'sha256': 'de9c06b467ccdc8541ff89ec9c773d2b2c77a0433078fa5bc5f7b300932c1a50'}]}}

    def _verify_required_inventory(inventory: Path, role: str, receipt: dict) -> None:
        """Compare collection with the authority committed at the receipt revision."""
        authority_ref = "benchmarks/retrieval/proof-required-tests.json"
        closure = receipt["source_closure"]
        matching = [row["sha256"] for row in closure["files"] if row["path"] == authority_ref]
        if len(matching) != 1:
            raise RunError(f"{role} receipt source closure lacks required test authority")
        source_root = Path(__file__).resolve().parents[3]
        try:
            committed = subprocess.check_output(
                ["git", "show", f"{closure['revision']}:{authority_ref}"],
                cwd=source_root,
                stderr=subprocess.PIPE,
            )
        except (OSError, subprocess.CalledProcessError) as exc:
            raise RunError(
                f"{role} required test authority is unavailable at receipt revision"
            ) from exc
        if hashlib.sha256(committed).hexdigest() != matching[0]:
            raise RunError(f"{role} required test authority differs from receipt source closure")
        with tempfile.TemporaryDirectory(prefix="qi-required-tests-") as directory:
            committed_path = Path(directory) / "proof-required-tests.json"
            committed_path.write_bytes(committed)
            try:
>               verify_inventory_authority(inventory, role, committed_path)

tools/benchmark/retrieval/run.py:8205: 
_ _ _ _ _ _ _ _ _ _ _ _ _ _ _ _ _ _ _ _ _ _ _ _ _ _ _ _ _ _ _ _ _ _ _ _ _ _ _ _ 
tools/benchmark/retrieval/proof_inventory.py:69: in verify_inventory_authority
    authority = _load_json(authority_path)
                ^^^^^^^^^^^^^^^^^^^^^^^^^^
_ _ _ _ _ _ _ _ _ _ _ _ _ _ _ _ _ _ _ _ _ _ _ _ _ _ _ _ _ _ _ _ _ _ _ _ _ _ _ _ 

path = PosixPath('/private/tmp/pytest-of-songmin/pytest-1317/test_required_inventory_uses_c0/temp-alias/qi-required-tests-u0_417ju/proof-required-tests.json')

    def _load_json(path: Path | RawFile | bytes) -> object:
        try:
            return json.loads(_evidence_bytes(path), object_pairs_hook=_unique_object)
        except (OSError, UnicodeDecodeError, json.JSONDecodeError, ValueError) as error:
>           raise ValueError(f"invalid proof inventory {path}: {error}") from error
E           ValueError: invalid proof inventory /private/tmp/pytest-of-songmin/pytest-1317/test_required_inventory_uses_c0/temp-alias/qi-required-tests-u0_417ju/proof-required-tests.json: unsafe benchmark evidence /private/tmp/pytest-of-songmin/pytest-1317/test_required_inventory_uses_c0/temp-alias/qi-required-tests-u0_417ju/proof-required-tests.json: refusing symlink: /private/tmp/pytest-of-songmin/pytest-1317/test_required_inventory_uses_c0/temp-alias

tools/benchmark/retrieval/proof_inventory.py:49: ValueError

The above exception was the direct cause of the following exception:

tmp_path = PosixPath('/private/tmp/pytest-of-songmin/pytest-1317/test_required_inventory_uses_c0')
monkeypatch = <_pytest.monkeypatch.MonkeyPatch object at 0x114c51f30>

    def test_required_inventory_uses_canonical_internal_temporary_path(tmp_path, monkeypatch):
        root = Path(__file__).resolve().parents[3]
        revision = subprocess.check_output(["git", "rev-parse", "HEAD"], cwd=root, text=True).strip()
        authority_ref = "benchmarks/retrieval/proof-required-tests.json"
        committed = subprocess.check_output(["git", "show", f"{revision}:{authority_ref}"], cwd=root)
        authority = json.loads(committed)
        receipt = {"source_closure": {"revision": revision, "files": [
            {"path": authority_ref, "sha256": hashlib.sha256(committed).hexdigest()},
        ]}}
        inventory = tmp_path / "inventory.json"
        payload = {"schema_version": 1, "kind": "pytest", "selector": "tools/ci/tests/test_retrieval_benchmark.py",
                   "tests": authority["python"]}
        inventory.write_text(json.dumps(payload))
        real_temp = tmp_path / "real-temp"
        real_temp.mkdir()
        alias = tmp_path / "temp-alias"
        alias.symlink_to(real_temp, target_is_directory=True)
        temporary_directory = tempfile.TemporaryDirectory
    
        def aliased_temp(**kwargs):
            return temporary_directory(dir=alias, **kwargs)
    
        monkeypatch.setattr(pairrun.tempfile, "TemporaryDirectory", aliased_temp)
>       pairrun._verify_required_inventory(inventory, "python", receipt)

tools/ci/tests/test_retrieval_benchmark.py:5460: 
_ _ _ _ _ _ _ _ _ _ _ _ _ _ _ _ _ _ _ _ _ _ _ _ _ _ _ _ _ _ _ _ _ _ _ _ _ _ _ _ 

inventory = PosixPath('/private/tmp/pytest-of-songmin/pytest-1317/test_required_inventory_uses_c0/inventory.json')
role = 'python'
receipt = {'source_closure': {'revision': '98601a66d8cab9c86232b3e62ce490c8b43b71b6', 'files': [{'path': 'benchmarks/retrieval/proof-required-tests.json', 'sha256': 'de9c06b467ccdc8541ff89ec9c773d2b2c77a0433078fa5bc5f7b300932c1a50'}]}}

    def _verify_required_inventory(inventory: Path, role: str, receipt: dict) -> None:
        """Compare collection with the authority committed at the receipt revision."""
        authority_ref = "benchmarks/retrieval/proof-required-tests.json"
        closure = receipt["source_closure"]
        matching = [row["sha256"] for row in closure["files"] if row["path"] == authority_ref]
        if len(matching) != 1:
            raise RunError(f"{role} receipt source closure lacks required test authority")
        source_root = Path(__file__).resolve().parents[3]
        try:
            committed = subprocess.check_output(
                ["git", "show", f"{closure['revision']}:{authority_ref}"],
                cwd=source_root,
                stderr=subprocess.PIPE,
            )
        except (OSError, subprocess.CalledProcessError) as exc:
            raise RunError(
                f"{role} required test authority is unavailable at receipt revision"
            ) from exc
        if hashlib.sha256(committed).hexdigest() != matching[0]:
            raise RunError(f"{role} required test authority differs from receipt source closure")
        with tempfile.TemporaryDirectory(prefix="qi-required-tests-") as directory:
            committed_path = Path(directory) / "proof-required-tests.json"
            committed_path.write_bytes(committed)
            try:
                verify_inventory_authority(inventory, role, committed_path)
            except ValueError as exc:
>               raise RunError(f"{role} inventory differs from source authority: {exc}") from exc
E               tools.benchmark.retrieval.run.RunError: python inventory differs from source authority: invalid proof inventory /private/tmp/pytest-of-songmin/pytest-1317/test_required_inventory_uses_c0/temp-alias/qi-required-tests-u0_417ju/proof-required-tests.json: unsafe benchmark evidence /private/tmp/pytest-of-songmin/pytest-1317/test_required_inventory_uses_c0/temp-alias/qi-required-tests-u0_417ju/proof-required-tests.json: refusing symlink: /private/tmp/pytest-of-songmin/pytest-1317/test_required_inventory_uses_c0/temp-alias

tools/benchmark/retrieval/run.py:8207: RunError
=========================== short test summary info ============================
FAILED tools/ci/tests/test_retrieval_benchmark.py::test_required_inventory_uses_canonical_internal_temporary_path
1 failed, 327 deselected in 3.57s
